src/features/auth/pages/ActivationRequest.tsx(35,55): error TS2345: Argument of type '{ institution_id: number; identifier: string; email: string; role: "STUDENT" | "FACULTY"; }' is not assignable to parameter of type '{ institution_id: number; identifier: string; email: string; role: string; turnstile_token: string; }'.
  Property 'turnstile_token' is missing in type '{ institution_id: number; identifier: string; email: string; role: "STUDENT" | "FACULTY"; }' but required in type '{ institution_id: number; identifier: string; email: string; role: string; turnstile_token: string; }'.
